
> openai-chatkit-starter-app@0.1.0 build
> next build

   ▲ Next.js 15.5.4
   - Environments: .env.local

   Creating an optimized production build ...
 ✓ Compiled successfully in 728ms
   Linting and checking validity of types ...
   Collecting page data ...
 ⚠ Using edge runtime on a page currently disables static generation for that page
   Generating static pages (0/5) ...
   Generating static pages (1/5) 
   Generating static pages (2/5) 
   Generating static pages (3/5) 
 ✓ Generating static pages (5/5)
   Finalizing page optimization ...
   Collecting build traces ...

Route (app)                                 Size  First Load JS
┌ ○ /                                    1.18 kB         103 kB
├ ○ /_not-found                            993 B         103 kB
├ ƒ /api/create-session                    120 B         102 kB
└ ƒ /chat/[id]                           8.25 kB         110 kB
+ First Load JS shared by all             102 kB
  ├ chunks/255-4efeec91c7871d79.js       45.8 kB
  ├ chunks/4bd1b696-c023c6e3521b1417.js  54.2 kB
  └ other shared chunks (total)          1.92 kB


○  (Static)   prerendered as static content
ƒ  (Dynamic)  server-rendered on demand

